main.c:119:1:__io_putchar	16	static
main.c:133:5:main	8	static
main.c:246:6:SystemClock_Config	88	static
main.c:291:13:MX_I2C1_Init	8	static
main.c:325:13:MX_TIM2_Init	32	static
main.c:370:13:MX_TIM3_Init	64	static
main.c:429:13:MX_TIM5_Init	32	static
main.c:474:13:MX_TIM11_Init	8	static
main.c:505:13:MX_USART2_UART_Init	8	static
main.c:538:13:MX_GPIO_Init	48	static
main.c:628:6:StartDefaultTask	16	static
main.c:647:6:StartTask02	16	static
main.c:666:6:StartTask03	16	static
main.c:685:6:StartTask04	16	static
main.c:705:6:HAL_TIM_PeriodElapsedCallback	16	static
main.c:724:6:Error_Handler	4	static,ignoring_inline_asm
